[debug] [2026-05-04T11:01:35.173Z] ----------------------------------------------------------------------
[debug] [2026-05-04T11:01:35.176Z] Command:       C:\Program Files\nodejs\node.exe C:\Users\po356\AppData\Local\npm-cache\_npx\ba4f1959e38407b5\node_modules\firebase-tools\lib\bin\firebase.js init dataconnect --project demo-no-project
[debug] [2026-05-04T11:01:35.177Z] CLI Version:   15.16.0
[debug] [2026-05-04T11:01:35.177Z] Platform:      win32
[debug] [2026-05-04T11:01:35.177Z] Node Version:  v24.14.0
[debug] [2026-05-04T11:01:35.177Z] Time:          Mon May 04 2026 20:01:35 GMT+0900 (한국 표준시)
[debug] [2026-05-04T11:01:35.177Z] ----------------------------------------------------------------------
[debug] 
[debug] [2026-05-04T11:01:35.179Z] >>> [apiv2][query] GET https://firebase-public.firebaseio.com/cli.json [none]
[info] 
     ######## #### ########  ######## ########     ###     ######  ########
     ##        ##  ##     ## ##       ##     ##  ##   ##  ##       ##
     ######    ##  ########  ######   ########  #########  ######  ######
     ##        ##  ##    ##  ##       ##     ## ##     ##       ## ##
     ##       #### ##     ## ######## ########  ##     ##  ######  ########

You're about to initialize a Firebase project in this directory:

  C:\Users\po356\Documents\GitHub\Andre_Youth_player

[debug] [2026-05-04T11:01:36.805Z] <<< [apiv2][status] GET https://firebase-public.firebaseio.com/cli.json 200
[debug] [2026-05-04T11:01:36.805Z] <<< [apiv2][body] GET https://firebase-public.firebaseio.com/cli.json {"cloudBuildErrorAfter":1594252800000,"cloudBuildWarnAfter":1590019200000,"defaultNode10After":1594252800000,"minVersion":"3.0.5","node8DeploysDisabledAfter":1613390400000,"node8RuntimeDisabledAfter":1615809600000,"node8WarnAfter":1600128000000}
[debug] [2026-05-04T11:01:38.260Z] ----------------------------------------------------------------------
[debug] [2026-05-04T11:01:38.263Z] Command:       C:\Program Files\nodejs\node.exe C:\Users\po356\AppData\Local\npm-cache\_npx\ba4f1959e38407b5\node_modules\firebase-tools\lib\bin\firebase.js init dataconnect --project busan-youth-player
[debug] [2026-05-04T11:01:38.264Z] CLI Version:   15.16.0
[debug] [2026-05-04T11:01:38.264Z] Platform:      win32
[debug] [2026-05-04T11:01:38.264Z] Node Version:  v24.14.0
[debug] [2026-05-04T11:01:38.264Z] Time:          Mon May 04 2026 20:01:38 GMT+0900 (한국 표준시)
[debug] [2026-05-04T11:01:38.264Z] ----------------------------------------------------------------------
[debug] 
[info] 
     ######## #### ########  ######## ########     ###     ######  ########
     ##        ##  ##     ## ##       ##     ##  ##   ##  ##       ##
     ######    ##  ########  ######   ########  #########  ######  ######
     ##        ##  ##    ##  ##       ##     ## ##     ##       ## ##
     ##       #### ##     ## ######## ########  ##     ##  ######  ########

You're about to initialize a Firebase project in this directory:

  C:\Users\po356\Documents\GitHub\Andre_Youth_player

